[    0.000000] Linux version 4.15.0-167-generic (buildd@lcy02-amd64-045) (gcc version 7.5.0 (Ubuntu 7.5.0-3ubuntu1~18.04)) #175-Ubuntu SMP Wed Jan 5 01:56:07 UTC 2022 (Ubuntu 4.15.0-167.175-generic 4.15.18)
[    0.000000] Command line: BOOT_IMAGE=/boot/vmlinuz-4.15.0-167-generic root=LABEL=cloudimg-rootfs ro console=tty1 console=ttyS0
[    0.000000] KERNEL supported cpus:
[    0.000000]   Intel GenuineIntel
[    0.000000]   AMD AuthenticAMD
[    0.000000]   Centaur CentaurHauls
[    0.000000] x86/fpu: Supporting XSAVE feature 0x001: 'x87 floating point registers'
[    0.000000] x86/fpu: Supporting XSAVE feature 0x002: 'SSE registers'
[    0.000000] x86/fpu: Supporting XSAVE feature 0x004: 'AVX registers'
[    0.000000] x86/fpu: xstate_offset[2]:  576, xstate_sizes[2]:  256
[    0.000000] x86/fpu: Enabled xstate features 0x7, context size is 832 bytes, using 'standard' format.
[    0.000000] e820: BIOS-provided physical RAM map:
[    0.000000] BIOS-e820: [mem 0x0000000000000000-0x000000000009fbff] usable
[    0.000000] BIOS-e820: [mem 0x000000000009fc00-0x000000000009ffff] reserved
[    0.000000] BIOS-e820: [mem 0x00000000000f0000-0x00000000000fffff] reserved
[    0.000000] BIOS-e820: [mem 0x0000000000100000-0x000000003ffeffff] usable
[    0.000000] BIOS-e820: [mem 0x000000003fff0000-0x000000003fffffff] ACPI data
[    0.000000] BIOS-e820: [mem 0x00000000fec00000-0x00000000fec00fff] reserved
[    0.000000] BIOS-e820: [mem 0x00000000fee00000-0x00000000fee00fff] reserved
[    0.000000] BIOS-e820: [mem 0x00000000fffc0000-0x00000000ffffffff] reserved
[    0.000000] NX (Execute Disable) protection: active
[    0.000000] SMBIOS 2.5 present.
[    0.000000] DMI: innotek GmbH VirtualBox/VirtualBox, BIOS VirtualBox 12/01/2006
[    0.000000] Hypervisor detected: KVM
[    0.000000] e820: last_pfn = 0x3fff0 max_arch_pfn = 0x400000000
[    0.000000] MTRR: Disabled
[    0.000000] x86/PAT: MTRRs disabled, skipping PAT initialization too.
[    0.000000] CPU MTRRs all blank - virtualized system.
[    0.000000] x86/PAT: Configuration [0-7]: WB  WT  UC- UC  WB  WT  UC- UC  
[    0.000000] found SMP MP-table at [mem 0x0009fff0-0x0009ffff]
[    0.000000] Scanning 1 areas for low memory corruption
[    0.000000] RAMDISK: [mem 0x359c9000-0x36cdbfff]
[    0.000000] ACPI: Early table checksum verification disabled
[    0.000000] ACPI: RSDP 0x00000000000E0000 000024 (v02 VBOX  )
[    0.000000] ACPI: XSDT 0x000000003FFF0030 00003C (v01 VBOX   VBOXXSDT 00000001 ASL  00000061)
[    0.000000] ACPI: FACP 0x000000003FFF00F0 0000F4 (v04 VBOX   VBOXFACP 00000001 ASL  00000061)
[    0.000000] ACPI: DSDT 0x000000003FFF0470 002325 (v02 VBOX   VBOXBIOS 00000002 INTL 20100528)
[    0.000000] ACPI: FACS 0x000000003FFF0200 000040
[    0.000000] ACPI: FACS 0x000000003FFF0200 000040
[    0.000000] ACPI: APIC 0x000000003FFF0240 00005C (v02 VBOX   VBOXAPIC 00000001 ASL  00000061)
[    0.000000] ACPI: SSDT 0x000000003FFF02A0 0001CC (v01 VBOX   VBOXCPUT 00000002 INTL 20100528)
[    0.000000] ACPI: Reserving FACP table memory at [mem 0x3fff00f0-0x3fff01e3]
[    0.000000] ACPI: Reserving DSDT table memory at [mem 0x3fff0470-0x3fff2794]
[    0.000000] ACPI: Reserving FACS table memory at [mem 0x3fff0200-0x3fff023f]
[    0.000000] ACPI: Reserving FACS table memory at [mem 0x3fff0200-0x3fff023f]
[    0.000000] ACPI: Reserving APIC table memory at [mem 0x3fff0240-0x3fff029b]
[    0.000000] ACPI: Reserving SSDT table memory at [mem 0x3fff02a0-0x3fff046b]
[    0.000000] No NUMA configuration found
[    0.000000] Faking a node at [mem 0x0000000000000000-0x000000003ffeffff]
[    0.000000] NODE_DATA(0) allocated [mem 0x3ffc5000-0x3ffeffff]
[    0.000000] kvm-clock: cpu 0, msr 0:3ff44001, primary cpu clock
[    0.000000] kvm-clock: Using msrs 4b564d01 and 4b564d00
[    0.000000] kvm-clock: using sched offset of 3473324130 cycles
[    0.000000] clocksource: kvm-clock: mask: 0xffffffffffffffff max_cycles: 0x1cd42e4dffb, max_idle_ns: 881590591483 ns
[    0.000000] Zone ranges:
[    0.000000]   DMA      [mem 0x0000000000001000-0x0000000000ffffff]
[    0.000000]   DMA32    [mem 0x0000000001000000-0x000000003ffeffff]
[    0.000000]   Normal   empty
[    0.000000]   Device   empty
[    0.000000] Movable zone start for each node
[    0.000000] Early memory node ranges
[    0.000000]   node   0: [mem 0x0000000000001000-0x000000000009efff]
[    0.000000]   node   0: [mem 0x0000000000100000-0x000000003ffeffff]
[    0.000000] Reserved but unavailable: 104 pages
[    0.000000] Initmem setup node 0 [mem 0x0000000000001000-0x000000003ffeffff]
[    0.000000] ACPI: PM-Timer IO Port: 0x4008
[    0.000000] IOAPIC[0]: apic_id 2, version 32, address 0xfec00000, GSI 0-23
[    0.000000] ACPI: INT_SRC_OVR (bus 0 bus_irq 0 global_irq 2 dfl dfl)
[    0.000000] ACPI: INT_SRC_OVR (bus 0 bus_irq 9 global_irq 9 low level)
[    0.000000] Using ACPI (MADT) for SMP configuration information
[    0.000000] smpboot: Allowing 2 CPUs, 0 hotplug CPUs
[    0.000000] PM: Registered nosave memory: [mem 0x00000000-0x00000fff]
[    0.000000] PM: Registered nosave memory: [mem 0x0009f000-0x0009ffff]
[    0.000000] PM: Registered nosave memory: [mem 0x000a0000-0x000effff]
[    0.000000] PM: Registered nosave memory: [mem 0x000f0000-0x000fffff]
[    0.000000] e820: [mem 0x40000000-0xfebfffff] available for PCI devices
[    0.000000] Booting paravirtualized kernel on KVM
[    0.000000] clocksource: refined-jiffies: mask: 0xffffffff max_cycles: 0xffffffff, max_idle_ns: 7645519600211568 ns
[    0.000000] random: get_random_bytes called from start_kernel+0x99/0x500 with crng_init=0
[    0.000000] setup_percpu: NR_CPUS:8192 nr_cpumask_bits:2 nr_cpu_ids:2 nr_node_ids:1
[    0.000000] percpu: Embedded 50 pages/cpu s167936 r8192 d28672 u1048576
[    0.000000] PV qspinlock hash table entries: 256 (order: 0, 4096 bytes)
[    0.000000] Built 1 zonelists, mobility grouping on.  Total pages: 257913
[    0.000000] Policy zone: DMA32
[    0.000000] Kernel command line: BOOT_IMAGE=/boot/vmlinuz-4.15.0-167-generic root=LABEL=cloudimg-rootfs ro console=tty1 console=ttyS0
[    0.000000] Memory: 982636K/1048120K available (12300K kernel code, 2483K rwdata, 4324K rodata, 2476K init, 2724K bss, 65484K reserved, 0K cma-reserved)
[    0.000000] SLUB: HWalign=64, Order=0-3, MinObjects=0, CPUs=2, Nodes=1
[    0.000000] ftrace: allocating 39494 entries in 155 pages
[    0.004000] Hierarchical RCU implementation.
[    0.004000] 	RCU restricting CPUs from NR_CPUS=8192 to nr_cpu_ids=2.
[    0.004000] 	Tasks RCU enabled.
[    0.004000] RCU: Adjusting geometry for rcu_fanout_leaf=16, nr_cpu_ids=2
[    0.004000] NR_IRQS: 524544, nr_irqs: 440, preallocated irqs: 16
[    0.004000] Console: colour VGA+ 80x25
[    0.004000] console [tty1] enabled
[    0.004000] console [ttyS0] enabled
[    0.004000] ACPI: Core revision 20170831
[    0.004000] ACPI: 2 ACPI AML tables successfully acquired and loaded
[    0.004000] APIC: Switch to symmetric I/O mode setup
[    0.004000] x2apic enabled
[    0.004000] Switched APIC routing to physical x2apic.
[    0.004000] ..TIMER: vector=0x30 apic1=0 pin1=2 apic2=-1 pin2=-1
[    0.004006] tsc: Detected 2111.998 MHz processor
[    0.004912] Calibrating delay loop (skipped) preset value.. 4223.99 BogoMIPS (lpj=8447992)
[    0.005560] pid_max: default: 32768 minimum: 301
[    0.006392] Security Framework initialized
[    0.008004] Yama: becoming mindful.
[    0.008660] AppArmor: AppArmor initialized
[    0.012006] Dentry cache hash table entries: 131072 (order: 8, 1048576 bytes)
[    0.013072] Inode-cache hash table entries: 65536 (order: 7, 524288 bytes)
[    0.014119] Mount-cache hash table entries: 2048 (order: 2, 16384 bytes)
[    0.016006] Mountpoint-cache hash table entries: 2048 (order: 2, 16384 bytes)
[    0.017456] Last level iTLB entries: 4KB 64, 2MB 8, 4MB 8
[    0.018359] Last level dTLB entries: 4KB 64, 2MB 0, 4MB 0, 1GB 4
[    0.020005] Spectre V1 : Mitigation: usercopy/swapgs barriers and __user pointer sanitization
[    0.021721] Spectre V2 : Mitigation: Full generic retpoline
[    0.022931] Spectre V2 : Spectre v2 / SpectreRSB mitigation: Filling RSB on context switch
[    0.024004] Speculative Store Bypass: Vulnerable
[    0.024804] SRBDS: Mitigation: TSX disabled
[    0.025682] Freeing SMP alternatives memory: 36K
[    0.136627] smpboot: CPU0: Intel(R) Core(TM) i5-10210U CPU @ 1.60GHz (family: 0x6, model: 0x8e, stepping: 0xc)
[    0.139519] Performance Events: unsupported p6 CPU model 142 no PMU driver, software events only.
[    0.140034] Hierarchical SRCU implementation.
[    0.141367] NMI watchdog: Perf event create on CPU 0 failed with -2
[    0.142421] NMI watchdog: Perf NMI watchdog permanently disabled
[    0.144044] smp: Bringing up secondary CPUs ...
[    0.145426] x86: Booting SMP configuration:
[    0.146572] .... node  #0, CPUs:      #1
[    0.004000] kvm-clock: cpu 1, msr 0:3ff44041, secondary cpu clock
[    0.150474] smp: Brought up 1 node, 2 CPUs
[    0.150474] smpboot: Max logical packages: 1
[    0.152006] smpboot: Total of 2 processors activated (8447.99 BogoMIPS)
[    0.153274] devtmpfs: initialized
[    0.153274] x86/mm: Memory block size: 128MB
[    0.153683] evm: security.selinux
[    0.154315] evm: security.SMACK64
[    0.156003] evm: security.SMACK64EXEC
[    0.156634] evm: security.SMACK64TRANSMUTE
[    0.157438] evm: security.SMACK64MMAP
[    0.158120] evm: security.apparmor
[    0.160003] evm: security.ima
[    0.160547] evm: security.capability
[    0.161223] clocksource: jiffies: mask: 0xffffffff max_cycles: 0xffffffff, max_idle_ns: 7645041785100000 ns
[    0.161685] futex hash table entries: 512 (order: 3, 32768 bytes)
[    0.162769] pinctrl core: initialized pinctrl subsystem
[    0.166872] RTC time: 17:52:46, date: 03/03/22
[    0.168114] NET: Registered protocol family 16
[    0.169009] audit: initializing netlink subsys (disabled)
[    0.170083] audit: type=2000 audit(1646329971.449:1): state=initialized audit_enabled=0 res=1
[    0.172021] cpuidle: using governor ladder
[    0.172905] cpuidle: using governor menu
[    0.173742] ACPI: bus type PCI registered
[    0.174490] acpiphp: ACPI Hot Plug PCI Controller Driver version: 0.5
[    0.176098] PCI: Using configuration type 1 for base access
[    0.177095] HugeTLB registered 2.00 MiB page size, pre-allocated 0 pages
[    0.180061] ACPI: Added _OSI(Module Device)
[    0.180781] ACPI: Added _OSI(Processor Device)
[    0.181599] ACPI: Added _OSI(3.0 _SCP Extensions)
[    0.182434] ACPI: Added _OSI(Processor Aggregator Device)
[    0.183394] ACPI: Added _OSI(Linux-Dell-Video)
[    0.184000] ACPI: Added _OSI(Linux-Lenovo-NV-HDMI-Audio)
[    0.184004] ACPI: Added _OSI(Linux-HPI-Hybrid-Graphics)
[    0.185174] ACPI: Executed 1 blocks of module-level executable AML code
[    0.190560] ACPI: Interpreter enabled
[    0.191283] ACPI: (supports S0 S5)
[    0.191919] ACPI: Using IOAPIC for interrupt routing
[    0.192217] PCI: Using host bridge windows from ACPI; if necessary, use "pci=nocrs" and report a bug
[    0.193812] ACPI: Enabled 2 GPEs in block 00 to 07
[    0.200330] ACPI: PCI Root Bridge [PCI0] (domain 0000 [bus 00-ff])
[    0.201271] acpi PNP0A03:00: _OSC: OS supports [ASPM ClockPM Segments MSI]
[    0.202822] acpi PNP0A03:00: _OSC: not requesting OS control; OS requires [ExtendedConfig ASPM ClockPM MSI]
[    0.204027] acpi PNP0A03:00: fail to add MMCONFIG information, can't access extended PCI configuration space under this bridge.
[    0.208448] PCI host bridge to bus 0000:00
[    0.209243] pci_bus 0000:00: root bus resource [io  0x0000-0x0cf7 window]
[    0.210402] pci_bus 0000:00: root bus resource [io  0x0d00-0xffff window]
[    0.211585] pci_bus 0000:00: root bus resource [mem 0x000a0000-0x000bffff window]
[    0.212004] pci_bus 0000:00: root bus resource [mem 0x40000000-0xfdffffff window]
[    0.213837] pci_bus 0000:00: root bus resource [bus 00-ff]
[    0.217282] pci 0000:00:01.1: legacy IDE quirk: reg 0x10: [io  0x01f0-0x01f7]
[    0.218428] pci 0000:00:01.1: legacy IDE quirk: reg 0x14: [io  0x03f6]
[    0.219523] pci 0000:00:01.1: legacy IDE quirk: reg 0x18: [io  0x0170-0x0177]
[    0.220006] pci 0000:00:01.1: legacy IDE quirk: reg 0x1c: [io  0x0376]
[    0.237152] pci 0000:00:07.0: quirk: [io  0x4000-0x403f] claimed by PIIX4 ACPI
[    0.238567] pci 0000:00:07.0: quirk: [io  0x4100-0x410f] claimed by PIIX4 SMB
[    0.248929] ACPI: PCI Interrupt Link [LNKA] (IRQs 5 9 10 *11)
[    0.250160] ACPI: PCI Interrupt Link [LNKB] (IRQs 5 9 *10 11)
[    0.251243] ACPI: PCI Interrupt Link [LNKC] (IRQs 5 *9 10 11)
[    0.252097] ACPI: PCI Interrupt Link [LNKD] (IRQs 5 9 10 *11)
[    0.253412] SCSI subsystem initialized
[    0.254182] pci 0000:00:02.0: vgaarb: setting as boot VGA device
[    0.254182] pci 0000:00:02.0: vgaarb: VGA device added: decodes=io+mem,owns=io+mem,locks=none
[    0.256016] pci 0000:00:02.0: vgaarb: bridge control possible
[    0.257083] vgaarb: loaded
[    0.257643] ACPI: bus type USB registered
[    0.258342] usbcore: registered new interface driver usbfs
[    0.260012] usbcore: registered new interface driver hub
[    0.260899] usbcore: registered new device driver usb
[    0.261785] EDAC MC: Ver: 3.0.0
[    0.261785] PCI: Using ACPI for IRQ routing
[    0.264253] NetLabel: Initializing
[    0.264865] NetLabel:  domain hash size = 128
[    0.265596] NetLabel:  protocols = UNLABELED CIPSOv4 CALIPSO
[    0.266559] NetLabel:  unlabeled traffic allowed by default
[    0.268067] clocksource: Switched to clocksource kvm-clock
[    0.285176] VFS: Disk quotas dquot_6.6.0
[    0.285892] VFS: Dquot-cache hash table entries: 512 (order 0, 4096 bytes)
[    0.287297] AppArmor: AppArmor Filesystem Enabled
[    0.288489] pnp: PnP ACPI init
[    0.290198] pnp: PnP ACPI: found 3 devices
[    0.299017] clocksource: acpi_pm: mask: 0xffffff max_cycles: 0xffffff, max_idle_ns: 2085701024 ns
[    0.300384] NET: Registered protocol family 2
[    0.301115] IP idents hash table entries: 16384 (order: 5, 131072 bytes)
[    0.305075] TCP established hash table entries: 8192 (order: 4, 65536 bytes)
[    0.306539] TCP bind hash table entries: 8192 (order: 5, 131072 bytes)
[    0.307760] TCP: Hash tables configured (established 8192 bind 8192)
[    0.308885] UDP hash table entries: 512 (order: 2, 16384 bytes)
[    0.309855] UDP-Lite hash table entries: 512 (order: 2, 16384 bytes)
[    0.310927] NET: Registered protocol family 1
[    0.311677] pci 0000:00:00.0: Limiting direct PCI/PCI transfers
[    0.312658] pci 0000:00:01.0: Activating ISA DMA hang workarounds
[    0.313741] pci 0000:00:02.0: Video device with shadowed ROM at [mem 0x000c0000-0x000dffff]
[    0.315242] Unpacking initramfs...
[    0.645178] Freeing initrd memory: 19532K
[    0.646324] clocksource: tsc: mask: 0xffffffffffffffff max_cycles: 0x1e71768ef8b, max_idle_ns: 440795218977 ns
[    0.648196] platform rtc_cmos: registered platform RTC device (no PNP device found)
[    0.649513] Scanning for low memory corruption every 60 seconds
[    0.651105] Initialise system trusted keyrings
[    0.651812] Key type blacklist registered
[    0.652580] workingset: timestamp_bits=36 max_order=18 bucket_order=0
[    0.654483] zbud: loaded
[    0.655674] squashfs: version 4.0 (2009/01/31) Phillip Lougher
[    0.657037] fuse init (API version 7.26)
[    0.659382] Key type asymmetric registered
[    0.660059] Asymmetric key parser 'x509' registered
[    0.660950] Block layer SCSI generic (bsg) driver version 0.4 loaded (major 246)
[    0.662180] io scheduler noop registered
[    0.662876] io scheduler deadline registered
[    0.663607] io scheduler cfq registered (default)
[    0.664895] ACPI: AC Adapter [AC] (on-line)
[    0.665608] input: Power Button as /devices/LNXSYSTM:00/LNXPWRBN:00/input/input0
[    0.666983] ACPI: Power Button [PWRF]
[    0.667803] input: Sleep Button as /devices/LNXSYSTM:00/LNXSLPBN:00/input/input1
[    0.669209] ACPI: Sleep Button [SLPF]
[    0.670781] ACPI: Battery Slot [BAT0] (battery present)
[    0.672198] Serial: 8250/16550 driver, 32 ports, IRQ sharing enabled
[    0.694700] 00:02: ttyS0 at I/O 0x3f8 (irq = 4, base_baud = 115200) is a 16550A
[    0.700556] Linux agpgart interface v0.103
[    0.703369] loop: module loaded
[    0.705021] scsi host0: ata_piix
[    0.706013] scsi host1: ata_piix
[    0.706831] ata1: PATA max UDMA/33 cmd 0x1f0 ctl 0x3f6 bmdma 0xd000 irq 14
[    0.708252] ata2: PATA max UDMA/33 cmd 0x170 ctl 0x376 bmdma 0xd008 irq 15
[    0.709903] libphy: Fixed MDIO Bus: probed
[    0.710814] tun: Universal TUN/TAP device driver, 1.6
[    0.712209] PPP generic driver version 2.4.2
[    0.713205] ehci_hcd: USB 2.0 'Enhanced' Host Controller (EHCI) Driver
[    0.714487] ehci-pci: EHCI PCI platform driver
[    0.715397] ehci-platform: EHCI generic platform driver
[    0.716499] ohci_hcd: USB 1.1 'Open' Host Controller (OHCI) Driver
[    0.717715] ohci-pci: OHCI PCI platform driver
[    0.718642] ohci-platform: OHCI generic platform driver
[    0.719706] uhci_hcd: USB Universal Host Controller Interface driver
[    0.721328] i8042: PNP: PS/2 Controller [PNP0303:PS2K,PNP0f03:PS2M] at 0x60,0x64 irq 1,12
[    0.724166] serio: i8042 KBD port at 0x60,0x64 irq 1
[    0.725095] serio: i8042 AUX port at 0x60,0x64 irq 12
[    0.726313] mousedev: PS/2 mouse device common for all mice
[    0.728126] input: AT Translated Set 2 keyboard as /devices/platform/i8042/serio0/input/input2
[    0.730107] rtc_cmos rtc_cmos: rtc core: registered rtc_cmos as rtc0
[    0.731449] rtc_cmos rtc_cmos: alarms up to one day, 114 bytes nvram
[    0.732701] i2c /dev entries driver
[    0.733510] device-mapper: uevent: version 1.0.3
[    0.734647] device-mapper: ioctl: 4.37.0-ioctl (2017-09-20) initialised: dm-devel@redhat.com
[    0.736472] ledtrig-cpu: registered to indicate activity on CPUs
[    0.738205] NET: Registered protocol family 10
[    0.743139] Segment Routing with IPv6
[    0.743853] NET: Registered protocol family 17
[    0.745233] Key type dns_resolver registered
[    0.746278] mce: Using 0 MCE banks
[    0.746951] RAS: Correctable Errors collector initialized.
[    0.747951] sched_clock: Marking stable (746237333, 0)->(903227193, -156989860)
[    0.749597] registered taskstats version 1
[    0.750310] Loading compiled-in X.509 certificates
[    0.753088] Loaded X.509 cert 'Build time autogenerated kernel key: 51c91b167e8daada285dd448a981da05683ebd03'
[    0.755486] Loaded X.509 cert 'Canonical Ltd. Live Patch Signing: 14df34d1a87cf37625abec039ef2bf521249b969'
[    0.758088] Loaded X.509 cert 'Canonical Ltd. Kernel Module Signing: 88f752e560a1e0737e31163a466ad7b70a850c19'
[    0.759775] blacklist: Loading compiled-in revocation X.509 certificates
[    0.761095] Loaded X.509 cert 'Canonical Ltd. Secure Boot Signing: 61482aa2830d0ab2ad5af10b7250da9033ddcef0'
[    0.762767] zswap: loaded using pool lzo/zbud
[    0.766178] Key type big_key registered
[    0.766899] Key type trusted registered
[    0.768887] Key type encrypted registered
[    0.769581] AppArmor: AppArmor sha1 policy hashing enabled
[    0.770506] ima: No TPM chip found, activating TPM-bypass! (rc=-19)
[    0.771769] ima: Allocated hash algorithm: sha1
[    0.772842] evm: HMAC attrs: 0x1
[    0.773823]   Magic number: 14:348:895
[    0.774632] rtc_cmos rtc_cmos: setting system clock to 2022-03-03 17:52:47 UTC (1646329967)
[    0.776168] BIOS EDD facility v0.16 2004-Jun-25, 0 devices found
[    0.777345] EDD information not available.
[    0.914632] Freeing unused kernel image memory: 2476K
[    1.152754] Write protecting the kernel read-only data: 20480k
[    1.154682] Freeing unused kernel image memory: 2008K
[    1.156176] Freeing unused kernel image memory: 1820K
[    1.165099] x86/mm: Checked W+X mappings: passed, no W+X pages found.
Loading, please wait...
starting version 237
[    1.217303] e1000: Intel(R) PRO/1000 Network Driver - version 7.3.21-k8-NAPI
[    1.219149] e1000: Copyright (c) 1999-2006 Intel Corporation.
[    1.226927] Fusion MPT base driver 3.04.20
[    1.227786] Copyright (c) 1999-2008 LSI Corporation
[    1.234345] AVX2 version of gcm_enc/dec engaged.
[    1.235232] AES CTR mode by8 optimization enabled
[    1.243176] Fusion MPT SPI Host driver 3.04.20
[    1.438024] input: ImExPS/2 Generic Explorer Mouse as /devices/platform/i8042/serio1/input/input4
[    1.608181] e1000 0000:00:03.0 eth0: (PCI:33MHz:32-bit) 02:3b:ab:4a:a3:42
[    1.609909] e1000 0000:00:03.0 eth0: Intel(R) PRO/1000 Network Connection
[    1.988273] e1000 0000:00:08.0 eth1: (PCI:33MHz:32-bit) 08:00:27:e6:3f:75
[    1.989855] e1000 0000:00:08.0 eth1: Intel(R) PRO/1000 Network Connection
[    1.992289] e1000 0000:00:08.0 enp0s8: renamed from eth1
[    1.993687] mptbase: ioc0: Initiating bringup
[    2.024694] e1000 0000:00:03.0 enp0s3: renamed from eth0
[    2.268951] ioc0: LSI53C1030 A0: Capabilities={Initiator}
[    4.373465] scsi host2: ioc0: LSI53C1030 A0, FwRev=00000000h, Ports=1, MaxQ=256, IRQ=20
[    6.273658] scsi 2:0:0:0: Direct-Access     VBOX     HARDDISK         1.0  PQ: 0 ANSI: 5
[    6.384562] scsi target2:0:0: Beginning Domain Validation
[    6.386434] scsi target2:0:0: Domain Validation skipping write tests
[    6.387867] scsi target2:0:0: Ending Domain Validation
[    6.388953] scsi target2:0:0: asynchronous
[    6.390054] scsi 2:0:1:0: Direct-Access     VBOX     HARDDISK         1.0  PQ: 0 ANSI: 5
[    7.370811] scsi target2:0:1: Beginning Domain Validation
[    7.373219] random: fast init done
[    7.373997] scsi target2:0:1: Domain Validation skipping write tests
[    7.375012] scsi target2:0:1: Ending Domain Validation
[    7.375943] scsi target2:0:1: asynchronous
[    7.379354] random: systemd-udevd: uninitialized urandom read (16 bytes read)
[    7.380625] random: systemd-udevd: uninitialized urandom read (16 bytes read)
[    7.382643] random: systemd-udevd: uninitialized urandom read (16 bytes read)
[    7.384451] sd 2:0:0:0: Attached scsi generic sg0 type 0
[    7.384461] sd 2:0:0:0: [sda] 83886080 512-byte logical blocks: (42.9 GB/40.0 GiB)
[    7.385840] sd 2:0:1:0: Attached scsi generic sg1 type 0
[    7.388050] sd 2:0:0:0: [sda] Write Protect is off
[    7.389198] sd 2:0:1:0: [sdb] 20480 512-byte logical blocks: (10.5 MB/10.0 MiB)
[    7.390465] sd 2:0:0:0: [sda] Incomplete mode parameter data
[    7.391399] sd 2:0:0:0: [sda] Assuming drive cache: write through
[    7.392415] sd 2:0:1:0: [sdb] Write Protect is off
[    7.393428] sd 2:0:1:0: [sdb] Incomplete mode parameter data
[    7.394340] sd 2:0:1:0: [sdb] Assuming drive cache: write through
[    7.399296]  sda: sda1
[    7.400465] sd 2:0:0:0: [sda] Attached SCSI disk
[    7.401490] sd 2:0:1:0: [sdb] Attached SCSI disk
Begin: Loading essential drivers ... [    8.832112] raid6: sse2x1   gen() 11186 MB/s
[    8.880099] raid6: sse2x1   xor()  6469 MB/s
[    8.928064] raid6: sse2x2   gen() 13915 MB/s
[    8.976076] raid6: sse2x2   xor()  8840 MB/s
[    9.024101] raid6: sse2x4   gen() 13922 MB/s
[    9.072075] raid6: sse2x4   xor()  8627 MB/s
[    9.120078] raid6: avx2x1   gen() 21005 MB/s
[    9.168059] raid6: avx2x1   xor() 11285 MB/s
[    9.216093] raid6: avx2x2   gen() 18189 MB/s
[    9.264091] raid6: avx2x2   xor() 11667 MB/s
[    9.312069] raid6: avx2x4   gen() 19299 MB/s
[    9.360528] raid6: avx2x4   xor() 14050 MB/s
[    9.361631] raid6: using algorithm avx2x1 gen() 21005 MB/s
[    9.363024] raid6: .... xor() 11285 MB/s, rmw enabled
[    9.364085] raid6: using avx2x2 recovery algorithm
[    9.366744] xor: automatically using best checksumming function   avx       
[    9.371229] async_tx: api initialized (async)
done.
Begin: Running /scripts/init-premount ... done.
Begin: Mounting root file system ... Begin: Running /scripts/local-top ... done.
Begin: Running /scripts/local-premount ... [    9.423554] Btrfs loaded, crc32c=crc32c-intel
Scanning for Btrfs filesystems
done.
Warning: fsck not present, so skipping root file system
[    9.450292] EXT4-fs (sda1): mounted filesystem with ordered data mode. Opts: (null)
done.
Begin: Running /scripts/local-bottom ... done.
Begin: Running /scripts/init-bottom ... done.
[    9.595240] ip_tables: (C) 2000-2006 Netfilter Core Team
[    9.602415] systemd[1]: systemd 237 running in system mode. (+PAM +AUDIT +SELINUX +IMA +APPARMOR +SMACK +SYSVINIT +UTMP +LIBCRYPTSETUP +GCRYPT +GNUTLS +ACL +XZ +LZ4 +SECCOMP +BLKID +ELFUTILS +KMOD -IDN2 +IDN -PCRE2 default-hierarchy=hybrid)
[    9.606282] systemd[1]: Detected virtualization oracle.
[    9.607219] systemd[1]: Detected architecture x86-64.

Welcome to [1mUbuntu 18.04.6 LTS[0m!

[    9.612442] systemd[1]: Set hostname to <ubuntu>.
[    9.615259] systemd[1]: Initializing machine ID from random generator.
[    9.616829] systemd[1]: Installed transient /etc/machine-id file.
[    9.786944] systemd[1]: Set up automount Arbitrary Executable File Formats File System Automount Point.
[[0;32m  OK  [0m] Set up automount Arbitrary Executabâ€¦rmats File System Automount Point.
[    9.791201] systemd[1]: Created slice System Slice.
[[0;32m  OK  [0m] Created slice System Slice.
[    9.792768] systemd[1]: Listening on udev Kernel Socket.
[[0;32m  OK  [0m] Listening on udev Kernel Socket.
[    9.794609] systemd[1]: Created slice system-serial\x2dgetty.slice.
[[0;32m  OK  [0m] Created slice system-serial\x2dgetty.slice.
[[0;32m  OK  [0m] Reached target Swap.
[[0;32m  OK  [0m] Listening on fsck to fsckd communication Socket.
[[0;32m  OK  [0m] Listening on LVM2 metadata daemon socket.
[[0;32m  OK  [0m] Listening on LVM2 poll daemon socket.
[[0;32m  OK  [0m] Listening on /dev/initctl Compatibility Named Pipe.
[[0;32m  OK  [0m] Listening on Network Service Netlink Socket.
[[0;32m  OK  [0m] Reached target User and Group Name Lookups.
[[0;32m  OK  [0m] Reached target System Time Synchronized.
[[0;32m  OK  [0m] Listening on udev Control Socket.
[[0;32m  OK  [0m] Listening on Syslog Socket.
[[0;32m  OK  [0m] Created slice User and Session Slice.
[[0;32m  OK  [0m] Reached target Slices.
[[0;32m  OK  [0m] Listening on Journal Socket (/dev/log).
[[0;32m  OK  [0m] Listening on Journal Socket.
         Starting udev Coldplug all Devices...
         Mounting Huge Pages File System...
         Starting Create list of required stâ€¦ce nodes for the current kernel...
         Mounting Kernel Debug File System...
         Starting Set the console keyboard layout...
         Mounting POSIX Message Queue File System...
         Starting File System Check on Root Device...
[[0;32m  OK  [0m] Listening on Journal Audit Socket.
         Starting Journal Service...
[[0;32m  OK  [0m] Started Forward Password Requests to Wall Directory Watch.
         Starting Load Kernel Modules...
[[0;32m  OK  [0m] Listening on Device-mapper event daemon FIFOs.
         Starting Uncomplicated firewall...
         Starting Monitoring of LVM2 mirrorsâ€¦ng dmeventd or progress polling...
[[0;32m  OK  [0m] Mounted Huge Pages File System.
[[0;32m  OK  [0m] Started Create list of required staâ€¦vice nodes for the current kernel.
[[0;32m  OK  [0m] Mounted Kernel Debug File System.
[[0;32m  OK  [0m] Mounted POSIX Message Queue File System.
[[0;32m  OK  [0m] Started File System Check Daemon to report status.
         Starting Create Static Device Nodes in /dev...
[[0;32m  OK  [0m] Started udev Coldplug all Devices.
[[0;32m  OK  [0m] Started Journal [    9.915856] Loading iSCSI transport class v2.0-870.
Service.
[    9.922977] iscsi: registered transport (tcp)
[[0;32m  OK  [0m] Started Uncomplicated firewall.
[[0;32m  OK  [0m] Started Create Static Device Nodes in /dev.
[[0;32m  OK  [0m] Started File System Check on Root Device.
         Starting Remount Root and Kernel File Systems...
[[0;32m  OK  [0m] Started LVM2 metadata daemon.
[    9.990483] iscsi: registered transport (iser)
[[0;32m  OK  [0m] Started Load Kernel Modules.
         Mounting FUSE Control File System...
         Starting Apply Kernel Variables...
         Mounting Kernel Configuration File System...
[[0;32m  OK  [0m] Mounted FUSE Control File System.
[[0;32m  OK  [0m] Mounted Kernel Configuration File System.
[[0;32m  OK  [0m] Started Remount Root and Kernel File Systems.
         Starting Load/Save Random Seed...
         Starting Flush Journal to Persistent Storage...
         Starting udev Kernel Device Manager...
[[0;32m  OK  [0m] Started Monitoring of LVM2 mirrors,â€¦sing dmeventd or progress polling.
[[0;32m  OK  [0m] Started Apply Kernel Variables.
[[0;32m  OK  [0m] Started Load/Save Random Seed.
[[0;32m  OK  [0m] Started udev Kernel Device Manager.
[[0;32m  OK  [0m] Started Flush Journal to Persistent Storage.
[[0;32m  OK  [0m] Found device /dev/ttyS0.
[[0;32m  OK  [0m] Listening on Load/Save RF Kill Switch Status /dev/rfkill Watch.
[[0;32m  OK  [0m] Started Set the console keyboard layout.
[[0;32m  OK  [0m] Reached target Local File Systems (Pre).
[[0;32m  OK  [0m] Reached target Local File Systems.
         Starting AppArmor initialization...
         Starting Set console font and keymap...
         Starting ebtables ruleset management...
         Starting Commit a transient machine-id on disk...
         Starting Tell Plymouth To Write Out Runtime Data...
         Starting Create Volatile Files and Directories...
[[0;32m  OK  [0m] Started Dispatch Password Requests to Console Directory Watch.
[[0;32m  OK  [0m] Reached target Local Encrypted Volumes.
[[0;32m  OK  [0m] Started Tell Plymouth To Write Out Runtime Data.
[[0;32m  OK  [0m] Started Create Volatile Files and Directories.
         Starting Update UTMP about System Boot/Shutdown...
[[0;32m  OK  [0m] Started Update UTMP about System Boot/Shutdown.
[[0;32m  OK  [0m] Started Commit a transient machine-id on disk.
[[0;32m  OK  [0m] Started ebtables ruleset management.
[[0;32m  OK  [0m] Started AppArmor initialization.
         Starting Initial cloud-init job (pre-networking)...
         Starting Load AppArmor profiles managed internally by snapd...
[[0;32m  OK  [0m] Started Load AppArmor profiles managed internally by snapd.
[[0;32m  OK  [0m] Started Set console font and keymap.
[   13.092252] cloud-init[803]: Cloud-init v. 21.4-0ubuntu1~18.04.1 running 'init-local' at Thu, 03 Mar 2022 17:52:59 +0000. Up 12.78 seconds.
[[0;32m  OK  [0m] Started Initial cloud-init job (pre-networking).
[[0;32m  OK  [0m] Reached target Network (Pre).
         Starting Network Service...
[[0;32m  OK  [0m] Started Network Service.
         Starting Wait for Network to be Configured...
         Starting Network Name Resolution...
[[0;32m  OK  [0m] Started Network Name Resolution.
[[0;32m  OK  [0m] Reached target Network.
[[0;32m  OK  [0m] Reached target Host and Network Name Lookups.
[[0;32m  OK  [0m] Started Wait for Network to be Configured.
         Starting Initial cloud-init job (metadata service crawler)...
[   14.780409] cloud-init[968]: Cloud-init v. 21.4-0ubuntu1~18.04.1 running 'init' at Thu, 03 Mar 2022 17:53:01 +0000. Up 14.65 seconds.
[   14.781786] cloud-init[968]: ci-info: ++++++++++++++++++++++++++++++++++++++Net device info+++++++++++++++++++++++++++++++++++++++
[   14.792259] cloud-init[968]: ci-info: +--------+-------+----------------------------+---------------+--------+-------------------+
[   14.793822] cloud-init[968]: ci-info: | Device |   Up  |          Address           |      Mask     | Scope  |     Hw-Address    |
[   14.795368] cloud-init[968]: ci-info: +--------+-------+----------------------------+---------------+--------+-------------------+
[   14.796911] cloud-init[968]: ci-info: | enp0s3 |  True |         10.0.2.15          | 255.255.255.0 | global | 02:3b:ab:4a:a3:42 |
[   14.798447] cloud-init[968]: ci-info: | enp0s3 |  True | fe80::3b:abff:fe4a:a342/64 |       .       |  link  | 02:3b:ab:4a:a3:42 |
[   14.799916] cloud-init[968]: ci-info: | enp0s8 | False |             .              |       .       |   .    | 08:00:27:e6:3f:75 |
[   14.801366] cloud-init[968]: ci-info: |   lo   |  True |         127.0.0.1          |   255.0.0.0   |  host  |         .         |
[   14.802788] cloud-init[968]: ci-info: |   lo   |  True |          ::1/128           |       .       |  host  |         .         |
[   14.804189] cloud-init[968]: ci-info: +--------+-------+----------------------------+---------------+--------+-------------------+
[   14.805703] cloud-init[968]: ci-info: ++++++++++++++++++++++++++++Route IPv4 info+++++++++++++++++++++++++++++
[   14.807289] cloud-init[968]: ci-info: +-------+-------------+----------+-----------------+-----------+-------+
[   14.808881] cloud-init[968]: ci-info: | Route | Destination | Gateway  |     Genmask     | Interface | Flags |
[   14.810302] cloud-init[968]: ci-info: +-------+-------------+----------+-----------------+-----------+-------+
[   14.811610] cloud-init[968]: ci-info: |   0   |   0.0.0.0   | 10.0.2.2 |     0.0.0.0     |   enp0s3  |   UG  |
[   14.812940] cloud-init[968]: ci-info: |   1   |   10.0.2.0  | 0.0.0.0  |  255.255.255.0  |   enp0s3  |   U   |
[   14.814187] cloud-init[968]: ci-info: |   2   |   10.0.2.2  | 0.0.0.0  | 255.255.255.255 |   enp0s3  |   UH  |
[   14.815401] cloud-init[968]: ci-info: +-------+-------------+----------+-----------------+-----------+-------+
[   14.816564] cloud-init[968]: ci-info: +++++++++++++++++++Route IPv6 info+++++++++++++++++++
[   14.817666] cloud-init[968]: ci-info: +-------+-------------+---------+-----------+-------+
[   14.818766] cloud-init[968]: ci-info: | Route | Destination | Gateway | Interface | Flags |
[   14.819852] cloud-init[968]: ci-info: +-------+-------------+---------+-----------+-------+
[   14.820938] cloud-init[968]: ci-info: |   1   |  fe80::/64  |    ::   |   enp0s3  |   U   |
[   14.821976] cloud-init[968]: ci-info: |   3   |    local    |    ::   |   enp0s3  |   U   |
[   14.823086] cloud-init[968]: ci-info: |   4   |   ff00::/8  |    ::   |   enp0s3  |   U   |
[   14.823770] cloud-init[968]: ci-info: +-------+-------------+---------+-----------+-------+
[   15.484455] cloud-init[968]: Generating public/private rsa key pair.
[   15.484978] cloud-init[968]: Your identification has been saved in /etc/ssh/ssh_host_rsa_key.
[   15.485583] cloud-init[968]: Your public key has been saved in /etc/ssh/ssh_host_rsa_key.pub.
[   15.486669] cloud-init[968]: The key fingerprint is:
[   15.487375] cloud-init[968]: SHA256:2mP9WSSB1j+yrPZn0hpqD7W2Km5hO5lp+tI17Ot6ypw root@ubuntu-bionic
[   15.488573] cloud-init[968]: The key's randomart image is:
[   15.489294] cloud-init[968]: +---[RSA 2048]----+
[   15.489901] cloud-init[968]: |                 |
[   15.490524] cloud-init[968]: |           o     |
[   15.491187] cloud-init[968]: |          o o    |
[   15.491809] cloud-init[968]: |         .   o   |
[   15.492467] cloud-init[968]: |        S.  + +  |
[   15.493264] cloud-init[968]: |       oo.+o * . |
[   15.493970] cloud-init[968]: |      .o+Oo.*..  |
[   15.494643] cloud-init[968]: |      .+@o=*.=+  |
[   15.495295] cloud-init[968]: |      .BEX*=B=   |
[   15.495976] cloud-init[968]: +----[SHA256]-----+
[   15.508310] cloud-init[968]: Generating public/private dsa key pair.
[   15.509199] cloud-init[968]: Your identification has been saved in /etc/ssh/ssh_host_dsa_key.
[   15.510493] cloud-init[968]: Your public key has been saved in /etc/ssh/ssh_host_dsa_key.pub.
[   15.511637] cloud-init[968]: The key fingerprint is:
[   15.512315] cloud-init[968]: SHA256:6O3ZskHTOErFGV65xduxaOb2Ow+JFI3nAPMixwvC790 root@ubuntu-bionic
[   15.513494] cloud-init[968]: The key's randomart image is:
[   15.514202] cloud-init[968]: +---[DSA 1024]----+
[   15.514816] cloud-init[968]: |        . +o     |
[   15.515459] cloud-init[968]: |     . o =.+oo.  |
[   15.516145] cloud-init[968]: |      o B +o=+oo |
[   15.516816] cloud-init[968]: |       = *.o==o  |
[   15.517478] cloud-init[968]: |      o S o+. .  |
[   15.518143] cloud-init[968]: |     o = + oo. . |
[   15.518818] cloud-init[968]: |      o + ..E.o  |
[   15.519453] cloud-init[968]: |       ..+    o. |
[   15.520128] cloud-init[968]: |        +o.   .+.|
[   15.532231] cloud-init[968]: +----[SHA256]-----+
[   15.532780] cloud-init[968]: Generating public/private ecdsa key pair.
[   15.533562] cloud-init[968]: Your identification has been saved in /etc/ssh/ssh_host_ecdsa_key.
[   15.534635] cloud-init[968]: Your public key has been saved in /etc/ssh/ssh_host_ecdsa_key.pub.
[   15.535727] cloud-init[968]: The key fingerprint is:
[   15.536442] cloud-init[968]: SHA256:GqaT93VvAsQeotMjxbnu5sLAkleJQPWJPObjzfJUqzY root@ubuntu-bionic
[   15.537558] cloud-init[968]: The key's randomart image is:
[   15.538159] cloud-init[968]: +---[ECDSA 256]---+
[   15.538813] cloud-init[968]: | ....            |
[   15.539445] cloud-init[968]: |  .. o .         |
[   15.540125] cloud-init[968]: |   .=.oo o       |
[   15.540881] cloud-init[968]: |   o..o = +      |
[   15.541677] cloud-init[968]: |   oo.o+S= .     |
[   15.542546] cloud-init[968]: |  o.+B+++.o      |
[   15.543379] cloud-init[968]: |   o*o*+.....    |
[   15.544104] cloud-init[968]: |     *Eoo. ....  |
[   15.556224] cloud-init[968]: |     .o*+    o.  |
[   15.556716] cloud-init[968]: +----[SHA256]-----+
[[0;32m  OK  [0m] Started Initial cloud-init job (metadata service crawler).
[   15.572626] cloud-init[968]: Generating public/private ed25519 key pair.
[[0;32m  OK  [0m] Reached target System Initialization.
[   15.589295] [[0;32m  OK  [0m] Started Discard unused blocks once a week.
[[0;32m  OK  [0m] Listening on cloud-init hotplug hook socket.
cloud-init[968]: Your identification has been saved in /etc/ssh/ssh_host_ed25519_key.
         Starting LXD - unix socket.
[   15.591761] [[0;32m  OK  [0m] Listening on ACPID Listen Socket.
[[0;32m  OK  [0m] Started Trigger to poll for Ubuntu â€¦(Only enabled on GCP LTS non-pro).
[[0;32m  OK  [0m] Listening on D-Bus System Message Bus Socket.
[[0;32m  OK  [0m] Started Message of the Day.
[[0;32m  OK  [0m] Started Daily Cleanup of Temporary Directories.
         Starting Socket activation for snappy daemon.
[[0;32m  OK  [0m] Started Daily apt download activities.
[[0;32m  OK  [0m] Started Daily apt upgrade and clean activities.
[[0;32m  OK  [0m] Listening on UUID daemon activation socket.
[[0;32m  OK  [0m] Listening on Open-iSCSI iscsid Socket.
[[0;32m  OK  [0m] Started Ubuntu Advantage Timer for running repeated jobs.
[[0;32m  OK  [0m] Reached target Timers.
[[0;32m  OK  [0m] Started ACPI Events Check.
[[0;32m  OK  [0m] Reached target Paths.
[[0;32m  OK  [0m] Reached target Cloud-config availability.
[[0;32m  OK  [0m] Reached target Network is Online.
cloud-init[968]: Your public key has been saved in /etc/ssh/ssh_host_ed25519_key.pub.
[   15.603544] cloud-init[968]: The key fingerprint is:
[   15.604307] cloud-init[968]: SHA256:Z2rYARBJJnG9W1JhXzH/H3nVX7lABP8qvYnNYyZTTDU root@ubuntu-bionic
[   15.605465] cloud-init[968]: The key's randomart image is:
[   15.606824] cloud-init[968]: +--[ED25519 256]--+
[   15.608558] cloud-init[968]: |  oo*+  o. .*+   |
[[0;32m  OK  [0m] Reached target Remote File Systems (Pre).
[[0;32m  OK  [0m] Reached target Remote File Systems.
[   15.613744] cloud-init[968]: |   +...... .oo Eo|         Starting Availability of block devices...
[[0;32m  OK  [0m] Listening on LXD - unix socket.
[[0;32m  OK  [0m] Listening on Socket activation for snappy daemon.
[[0;32m  OK  [0m] Reached target Sockets.
[[0;32m  OK  [0m] Reached target Basic System.
[[0;32m  OK  [0m] Started D-Bus System Message Bus.

[   15.619777] cloud-init[968]: |      .o  .  oo.=|
[   15.621605] cloud-init[968]: |      o..    .o.*|
[   15.622500] cloud-init[968]: |       +S o o  =+|
[   15.624215] cloud-init[968]: |      .o =  .o. +|
[   15.640158] cloud-init[968]: |      . +  ..o  .|         Starting System Logging Service...

[   15.642520] cloud-init[968]: |       .   o=+o  |
[   15.643583] cloud-init[968]: |           .==.  |
[   15.644773] cloud-init[968]: +----[SHA256]-----+
[[0;32m  OK  [0m] Started Regular background program processing daemon.
         Starting LSB: automatic crash report generation...
         Starting Pollinate to seed the pseudo random number generator...
         Starting Snap Daemon...
[[0;32m  OK  [0m] Started FUSE filesystem for LXC.
         Starting Dispatcher daemon for systemd-networkd...
         Starting Login Service...
         Starting Virtualbox guest utils...
         Starting LSB: Record successful boot for GRUB...
[[0;32m  OK  [0m] Started irqbalance daemon.
[[0;32m  OK  [0m] Started Deferred execution scheduler.
         Starting Accounts Service...
         Starting Permit User Sessions...
         Starting LXD - container startup/shutdown...
[[0;32m  OK  [0m] Started System Logging Service.
[[0;32m  OK  [0m] Started Availability of block devices.
[[0;32m  OK  [0m] Started Login Service.
[[0;32m  OK  [0m] Started Unattended Upgrades Shutdown.
[[0;32m  OK  [0m] Started Permit User Sessions.
         Starting Hold until boot process finishes up...
         Starting Terminate Plymouth Boot Screen...
[[0;32m  OK  [0m] Started Hold until boot process finishes up.
         Starting Set console scheme...
[[0;32m  OK  [0m] Started Serial Getty on ttyS0.
[[0;32m  OK  [0m] Started Terminate Plymouth Boot Screen.
[[0;32m  OK  [0m] Started LSB: automatic crash report generation.
[[0;32m  OK  [0m] Started Set console scheme.
[[0;32m  OK  [0m] Created slice system-getty.slice.
[[0;32m  OK  [0m] Started Getty on tty1.
[[0;32m  OK  [0m] Reached target Login Prompts.
         Starting Authorization Manager...
[[0;32m  OK  [0m] Started LSB: Record successful boot for GRUB.
[[0;32m  OK  [0m] Started Authorization Manager.
[[0;32m  OK  [0m] Started Accounts Service.
[[0;32m  OK  [0m] Started Virtualbox guest utils.
[[0;32m  OK  [0m] Started LXD - container startup/shutdown.
[[0;32m  OK  [0m] Started Dispatcher daemon for systemd-networkd.
[[0;32m  OK  [0m] Started Snap Daemon.
         Starting Wait until snapd is fully seeded...
         Starting Time & Date Service...
[[0;32m  OK  [0m] Started Time & Date Service.
[[0;32m  OK  [0m] Started Pollinate to seed the pseudo random number generator.
         Starting OpenBSD Secure Shell server...
[[0;32m  OK  [0m] Started OpenBSD Secure Shell server.
[[0;32m  OK  [0m] Created slice User Slice of vagrant.
         Starting User Manager for UID 1000...
[[0;32m  OK  [0m] Started Session 1 of user vagrant.
[[0;32m  OK  [0m] Started User Manager for UID 1000.

Ubuntu 18.04.6 LTS ubuntu-bionic ttyS0

ubuntu-bionic login: [   26.251732] cloud-init[2021]: Cloud-init v. 21.4-0ubuntu1~18.04.1 running 'modules:config' at Thu, 03 Mar 2022 17:53:12 +0000. Up 25.84 seconds.
ci-info: no authorized SSH keys fingerprints found for user ubuntu.
<14>Mar  3 17:53:13 cloud-init: #############################################################
<14>Mar  3 17:53:13 cloud-init: -----BEGIN SSH HOST KEY FINGERPRINTS-----
<14>Mar  3 17:53:13 cloud-init: 1024 SHA256:6O3ZskHTOErFGV65xduxaOb2Ow+JFI3nAPMixwvC790 root@ubuntu-bionic (DSA)
<14>Mar  3 17:53:13 cloud-init: 256 SHA256:GqaT93VvAsQeotMjxbnu5sLAkleJQPWJPObjzfJUqzY root@ubuntu-bionic (ECDSA)
<14>Mar  3 17:53:13 cloud-init: 256 SHA256:Z2rYARBJJnG9W1JhXzH/H3nVX7lABP8qvYnNYyZTTDU root@ubuntu-bionic (ED25519)
<14>Mar  3 17:53:13 cloud-init: 2048 SHA256:2mP9WSSB1j+yrPZn0hpqD7W2Km5hO5lp+tI17Ot6ypw root@ubuntu-bionic (RSA)
<14>Mar  3 17:53:13 cloud-init: -----END SSH HOST KEY FINGERPRINTS-----
<14>Mar  3 17:53:13 cloud-init: #############################################################
-----BEGIN SSH HOST KEY KEYS-----
ecdsa-sha2-nistp256 AAAAE2VjZHNhLXNoYTItbmlzdHAyNTYAAAAIbmlzdHAyNTYAAABBBCCjn1zVYEW3ppS32Y9zdpXpyY4yD26MtHV082w7mS+gqEvN/OR09UdBkx61voc7QeqlclMbEorqseK36xVTiJc= root@ubuntu-bionic
ssh-ed25519 AAAAC3NzaC1lZDI1NTE5AAAAIAD5ig6eMK35qt580To9tgs9hg2Sj8XH01TE5qTSJKYE root@ubuntu-bionic
ssh-rsa AAAAB3NzaC1yc2EAAAADAQABAAABAQCToKympjfYBnL39JVUItfiZtSg8PNxzyyU1FZEq8bJ75P+RweiOuAvNRSmuTxp0OkGSL1rasA1r7sGieABQh8foR8BnxPwb1x2yT7J1Oz9SzZ3KVzcWPoT0KsAZcbgwJ4DOEBsk/lhr7oQMnPo+R3tKAt+J/62RcVV2zHhxW2CGoW9y6ONoYwvsV1uoKQ/tKUpPRj56/sBtcEACMz4FaD7VX75Z8P5OepcQgQkLcZlRqpddhPyFlhcTKziKlnhASQtbAbH9Bk9vuurLkaubDgQSmv2GbNNYwjCoKIZHcK7RmeiEnjr8ybEfDo8JK0W5SnZxboU2wT/vLLPSaV175ZZ root@ubuntu-bionic
-----END SSH HOST KEY KEYS-----
[   26.960152] cloud-init[2176]: Cloud-init v. 21.4-0ubuntu1~18.04.1 running 'modules:final' at Thu, 03 Mar 2022 17:53:13 +0000. Up 26.79 seconds.
[   26.962276] cloud-init[2176]: ci-info: no authorized SSH keys fingerprints found for user ubuntu.
[   26.962388] cloud-init[2176]: Cloud-init v. 21.4-0ubuntu1~18.04.1 finished at Thu, 03 Mar 2022 17:53:13 +0000. Datasource DataSourceNoCloud [seed=/dev/sdb][dsmode=net].  Up 26.94 seconds
